* = de.tudarmstadt.ukp.dkpro.core.api.ner.type.NamedEntity
ORG= de.tudarmstadt.ukp.dkpro.core.api.ner.type.Organization
PER = de.tudarmstadt.ukp.dkpro.core.api.ner.type.Person
LANGUAGE = de.tudarmstadt.ukp.dkpro.core.api.ner.type.Language
ORDINAL = de.tudarmstadt.ukp.dkpro.core.api.ner.type.Ordinal
NORP = de.tudarmstadt.ukp.dkpro.core.api.ner.type.Norp
FAC = de.tudarmstadt.ukp.dkpro.core.api.ner.type.Fac
GPE = de.tudarmstadt.ukp.dkpro.core.api.ner.type.Gpe
LOC = de.tudarmstadt.ukp.dkpro.core.api.ner.type.Location
PRODUCT = de.tudarmstadt.ukp.dkpro.core.api.ner.type.Product
EVENT = de.tudarmstadt.ukp.dkpro.core.api.ner.type.Event
WORK_OF_ART = de.tudarmstadt.ukp.dkpro.core.api.ner.type.WorkOfArt
LAW = de.tudarmstadt.ukp.dkpro.core.api.ner.type.Law
DATE = de.tudarmstadt.ukp.dkpro.core.api.ner.type.Date
TIME = de.tudarmstadt.ukp.dkpro.core.api.ner.type.Time
PERCENT = de.tudarmstadt.ukp.dkpro.core.api.ner.type.Percent
MONEY = de.tudarmstadt.ukp.dkpro.core.api.ner.type.Money
QUANTITY = de.tudarmstadt.ukp.dkpro.core.api.ner.type.Quantity
CARDINAL = de.tudarmstadt.ukp.dkpro.core.api.ner.type.Cardinal
