Q729=org.texttechnologylab.annotation.type.Animal_Fauna
#fictional
Q15702752=org.texttechnologylab.annotation.type.Animal_Fauna
Q3542731=org.texttechnologylab.annotation.type.Animal_Fauna
Animal_Fauna=org.texttechnologylab.annotation.type.Animal_Fauna

Q929302=org.texttechnologylab.annotation.type.Attribute_Property
Q2722260=org.texttechnologylab.annotation.type.Attribute_Property
Q937228=org.texttechnologylab.annotation.type.Attribute_Property
Q758238=org.texttechnologylab.annotation.type.Attribute_Property
Q107715=org.texttechnologylab.annotation.type.Attribute_Property
Q11348=org.texttechnologylab.annotation.type.Attribute_Property
Attribute_Property=org.texttechnologylab.annotation.type.Attribute_Property

Q17781690=org.texttechnologylab.annotation.type.Body_Corpus
Q4936952=org.texttechnologylab.annotation.type.Body_Corpus
Q25570959=org.texttechnologylab.annotation.type.Body_Corpus
Body_Corpus=org.texttechnologylab.annotation.type.Body_Corpus

Q11024=org.texttechnologylab.annotation.type.Communication
Q190539=org.texttechnologylab.annotation.type.Communication
Q189756=org.texttechnologylab.annotation.type.Communication
Communication=org.texttechnologylab.annotation.type.Communication

Q1656682=org.texttechnologylab.annotation.type.Event_Happening
Q1190554=org.texttechnologylab.annotation.type.Event_Happening
Q18669875=org.texttechnologylab.annotation.type.Event_Happening
Q3249551=org.texttechnologylab.annotation.type.Event_Happening
#fictional
Q14136353=org.texttechnologylab.annotation.type.Event_Happening
Event_Happening=org.texttechnologylab.annotation.type.Event_Happening

Q205555=org.texttechnologylab.annotation.type.Feeling_Emotion
Q9415=org.texttechnologylab.annotation.type.Feeling_Emotion
Feeling_Emotion=org.texttechnologylab.annotation.type.Feeling_Emotion

Q181394=org.texttechnologylab.annotation.type.Food
Q2095=org.texttechnologylab.annotation.type.Food
Q44=org.texttechnologylab.annotation.type.Food
#fictional
Q15731648=org.texttechnologylab.annotation.type.Food
Food=org.texttechnologylab.annotation.type.Food

Q16887380=org.texttechnologylab.annotation.type.Group_Collection
#fictional
Q14514600=org.texttechnologylab.annotation.type.Group_Collection
Group_Collection=org.texttechnologylab.annotation.type.Group_Collection

Q649732=org.texttechnologylab.annotation.type.Cognition_Ideation
Q131841=org.texttechnologylab.annotation.type.Cognition_Ideation
Q41689629=org.texttechnologylab.annotation.type.Cognition_Ideation
Q108163=org.texttechnologylab.annotation.type.Cognition_Ideation
Q29651519=org.texttechnologylab.annotation.type.Cognition_Ideation
Q9081=org.texttechnologylab.annotation.type.Cognition_Ideation
Q4330518=org.texttechnologylab.annotation.type.Cognition_Ideation
Q781413=org.texttechnologylab.annotation.type.Cognition_Ideation
Q151885=org.texttechnologylab.annotation.type.Cognition_Ideation
Q1151067=org.texttechnologylab.annotation.type.Cognition_Ideation
Cognition_Ideation=org.texttechnologylab.annotation.type.Cognition_Ideation

Q17334923=org.texttechnologylab.annotation.type.Location_Place
Q6256=org.texttechnologylab.annotation.type.Location_Place
Q515=org.texttechnologylab.annotation.type.Location_Place
Q15642541=org.texttechnologylab.annotation.type.Location_Place
Q7275=org.texttechnologylab.annotation.type.Location_Place
Q82794=org.texttechnologylab.annotation.type.Location_Place
Q2221906=org.texttechnologylab.annotation.type.Location_Place
Q618123=org.texttechnologylab.annotation.type.Location_Place
#fictional
Q3895768=org.texttechnologylab.annotation.type.Location_Place
Location_Place=org.texttechnologylab.annotation.type.Location_Place


Q644302=org.texttechnologylab.annotation.type.Motive
Q4583280=org.texttechnologylab.annotation.type.Motive

Q29651224=org.texttechnologylab.annotation.type.NaturalObject
Q19577=org.texttechnologylab.annotation.type.NaturalObject
Q1621273=org.texttechnologylab.annotation.type.NaturalObject
Q19549=org.texttechnologylab.annotation.type.NaturalObject
NaturalObject=org.texttechnologylab.annotation.type.NaturalObject

Q1322005=org.texttechnologylab.annotation.type.NaturalObject

Q5=org.texttechnologylab.annotation.type.Person_HumanBeing
Q215627=org.texttechnologylab.annotation.type.Person_HumanBeing
#Fictional
Q95074=org.texttechnologylab.annotation.type.Person_HumanBeing
Q15632617=org.texttechnologylab.annotation.type.Person_HumanBeing
Person_HumanBeing=org.texttechnologylab.annotation.type.Person_HumanBeing


Q756=org.texttechnologylab.annotation.type.Plant_Flora
Q131449=org.texttechnologylab.annotation.type.Plant_Flora
#fictional
Q3244549=org.texttechnologylab.annotation.type.Plant_Flora
Q22442634=org.texttechnologylab.annotation.type.Plant_Flora
Plant_Flora=org.texttechnologylab.annotation.type.Plant_Flora

Q6498684=org.texttechnologylab.annotation.type.Possession_Property
Q829909=org.texttechnologylab.annotation.type.Possession_Property
Possession_Property=org.texttechnologylab.annotation.type.Possession_Property

Q309314=org.texttechnologylab.annotation.type.Quantity_Amount
Quantity_Amount=org.texttechnologylab.annotation.type.Quantity_Amount

Q930933=org.texttechnologylab.annotation.type.Relation
Relation=org.texttechnologylab.annotation.type.Relation

Q207961=org.texttechnologylab.annotation.type.Shape
Shape=org.texttechnologylab.annotation.type.Shape

Q8425=org.texttechnologylab.annotation.type.Society
Q170161=org.texttechnologylab.annotation.type.Society
Q17148672=org.texttechnologylab.annotation.type.Society
Q1639378=org.texttechnologylab.annotation.type.Society
Society=org.texttechnologylab.annotation.type.Society

Q813912=org.texttechnologylab.annotation.type.State_Condition
State_Condition=org.texttechnologylab.annotation.type.State_Condition

Q223557=org.texttechnologylab.annotation.type.Substance
Q214609=org.texttechnologylab.annotation.type.Substance
Q27166344=org.texttechnologylab.annotation.type.Substance
Q3366856=org.texttechnologylab.annotation.type.Substance
Q43460564=org.texttechnologylab.annotation.type.Substance
Q1621273=org.texttechnologylab.annotation.type.Substance
#fictional
Q15053464=org.texttechnologylab.annotation.type.Substance
Substance=org.texttechnologylab.annotation.type.Substance

Q11471=org.texttechnologylab.annotation.type.Time
Q186081=org.texttechnologylab.annotation.type.Time
Q26907166=org.texttechnologylab.annotation.type.Time
Q14795564=org.texttechnologylab.annotation.type.Time
Time=org.texttechnologylab.annotation.type.Time

Q15621286=org.texttechnologylab.annotation.type.Artifact
Q8205328=org.texttechnologylab.annotation.type.Artifact
Q16686448=org.texttechnologylab.annotation.type.Artifact
Q386724=org.texttechnologylab.annotation.type.Artifact
Q17537576=org.texttechnologylab.annotation.type.Artifact
Q11019=org.texttechnologylab.annotation.type.Artifact
Q39546=org.texttechnologylab.annotation.type.Artifact
Artifact=org.texttechnologylab.annotation.type.Artifact

Q42889=org.texttechnologylab.annotation.type.Vehicle
Vehicle=org.texttechnologylab.annotation.type.Vehicle

Q7239=org.texttechnologylab.annotation.type.Taxon
#fictional
Q21192438=org.texttechnologylab.annotation.type.Taxon
Taxon=org.texttechnologylab.annotation.type.Taxon

Q1368=org.texttechnologylab.annotation.type.Quantity_Amount
Q8142=org.texttechnologylab.annotation.type.Quantity_Amount
Quantity_Amount=org.texttechnologylab.annotation.type.Quantity_Amount

#organization
Q43229=org.texttechnologylab.annotation.type.Group_Collection
Group_Collection=org.texttechnologylab.annotation.type.Group_Collection

*=org.texttechnologylab.annotation.type.Other


###Abstract

Q729_abstract=org.texttechnologylab.annotation.type.concept.Animal_Fauna
#fictional
Q15702752_abstract=org.texttechnologylab.annotation.type.concept.Animal_Fauna
Q3542731_abstract=org.texttechnologylab.annotation.type.concept.Animal_Fauna
Animal_Fauna_abstract=org.texttechnologylab.annotation.type.concept.Animal_Fauna

Q929302_abstract=org.texttechnologylab.annotation.type.concept.Attribute_Property
Q2722260_abstract=org.texttechnologylab.annotation.type.concept.Attribute_Property
Q937228_abstract=org.texttechnologylab.annotation.type.concept.Attribute_Property
Q758238_abstract=org.texttechnologylab.annotation.type.concept.Attribute_Property
Q107715_abstract=org.texttechnologylab.annotation.type.concept.Attribute_Property
Q11348_abstract=org.texttechnologylab.annotation.type.concept.Attribute_Property
Attribute_Property_abstract=org.texttechnologylab.annotation.type.concept.Attribute_Property

Q17781690_abstract=org.texttechnologylab.annotation.type.concept.Body_Corpus
Q4936952_abstract=org.texttechnologylab.annotation.type.concept.Body_Corpus
Q25570959_abstract=org.texttechnologylab.annotation.type.concept.Body_Corpus
Body_Corpus_abstract=org.texttechnologylab.annotation.type.concept.Body_Corpus

Q11024_abstract=org.texttechnologylab.annotation.type.concept.Communication
Q190539_abstract=org.texttechnologylab.annotation.type.concept.Communication
Q189756_abstract=org.texttechnologylab.annotation.type.concept.Communication
Communication_abstract=org.texttechnologylab.annotation.type.concept.Communication

Q1656682_abstract=org.texttechnologylab.annotation.type.concept.Event_Happening
Q1190554_abstract=org.texttechnologylab.annotation.type.concept.Event_Happening
Q18669875_abstract=org.texttechnologylab.annotation.type.concept.Event_Happening
Q3249551_abstract=org.texttechnologylab.annotation.type.concept.Event_Happening
#fictional
Q14136353_abstract=org.texttechnologylab.annotation.type.concept.Event_Happening
Event_Happening_abstract=org.texttechnologylab.annotation.type.concept.Event_Happening

Q205555_abstract=org.texttechnologylab.annotation.type.concept.Feeling_Emotion
Q9415_abstract=org.texttechnologylab.annotation.type.concept.Feeling_Emotion
Feeling_Emotion_abstract=org.texttechnologylab.annotation.type.concept.Feeling_Emotion

Q181394_abstract=org.texttechnologylab.annotation.type.concept.Food
Q2095_abstract=org.texttechnologylab.annotation.type.concept.Food
Q44_abstract=org.texttechnologylab.annotation.type.concept.Food
#fictional
Q15731648_abstract=org.texttechnologylab.annotation.type.concept.Food
Food_abstract=org.texttechnologylab.annotation.type.concept.Food

Q16887380_abstract=org.texttechnologylab.annotation.type.concept.Group_Collection
#fictional
Q14514600_abstract=org.texttechnologylab.annotation.type.concept.Group_Collection
Group_Collection_abstract=org.texttechnologylab.annotation.type.concept.Group_Collection

Q649732_abstract=org.texttechnologylab.annotation.type.concept.Cognition_Ideation
Q131841_abstract=org.texttechnologylab.annotation.type.concept.Cognition_Ideation
Q41689629_abstract=org.texttechnologylab.annotation.type.concept.Cognition_Ideation
Q108163_abstract=org.texttechnologylab.annotation.type.concept.Cognition_Ideation
Q29651519_abstract=org.texttechnologylab.annotation.type.concept.Cognition_Ideation
Q9081_abstract=org.texttechnologylab.annotation.type.concept.Cognition_Ideation
Q4330518_abstract=org.texttechnologylab.annotation.type.concept.Cognition_Ideation
Q781413_abstract=org.texttechnologylab.annotation.type.concept.Cognition_Ideation
Q151885_abstract=org.texttechnologylab.annotation.type.concept.Cognition_Ideation
Q1151067_abstract=org.texttechnologylab.annotation.type.concept.Cognition_Ideation
Cognition_Ideation_abstract=org.texttechnologylab.annotation.type.concept.Cognition_Ideation

Q17334923_abstract=org.texttechnologylab.annotation.type.concept.Location_Place
Q6256_abstract=org.texttechnologylab.annotation.type.concept.Location_Place
Q515_abstract=org.texttechnologylab.annotation.type.concept.Location_Place
Q15642541_abstract=org.texttechnologylab.annotation.type.concept.Location_Place
Q7275_abstract=org.texttechnologylab.annotation.type.concept.Location_Place
Q82794_abstract=org.texttechnologylab.annotation.type.concept.Location_Place
Q2221906_abstract=org.texttechnologylab.annotation.type.concept.Location_Place
Q618123_abstract=org.texttechnologylab.annotation.type.concept.Location_Place
#fictional
Q3895768_abstract=org.texttechnologylab.annotation.type.concept.Location_Place
Location_Place_abstract=org.texttechnologylab.annotation.type.concept.Location_Place


Q644302_abstract=org.texttechnologylab.annotation.type.concept.Motive
Q4583280_abstract=org.texttechnologylab.annotation.type.concept.Motive
Motive_abstract=org.texttechnologylab.annotation.type.concept.Motive

Q29651224_abstract=org.texttechnologylab.annotation.type.concept.NaturalObject
Q19577_abstract=org.texttechnologylab.annotation.type.concept.NaturalObject
Q1621273_abstract=org.texttechnologylab.annotation.type.concept.NaturalObject
Q19549_abstract=org.texttechnologylab.annotation.type.concept.NaturalObject
NaturalObject_abstract=org.texttechnologylab.annotation.type.concept.NaturalObject

Q1322005_abstract=org.texttechnologylab.annotation.type.concept.NaturalObject

Q5_abstract=org.texttechnologylab.annotation.type.concept.Person_HumanBeing
Q215627_abstract=org.texttechnologylab.annotation.type.concept.Person_HumanBeing
#Fictional
Q95074_abstract=org.texttechnologylab.annotation.type.concept.Person_HumanBeing
Q15632617_abstract=org.texttechnologylab.annotation.type.concept.Person_HumanBeing
Person_HumanBeing_abstract=org.texttechnologylab.annotation.type.concept.Person_HumanBeing


Q756_abstract=org.texttechnologylab.annotation.type.concept.Plant_Flora
Q131449_abstract=org.texttechnologylab.annotation.type.concept.Plant_Flora
#fictional
Q3244549_abstract=org.texttechnologylab.annotation.type.concept.Plant_Flora
Q22442634_abstract=org.texttechnologylab.annotation.type.concept.Plant_Flora
Plant_Flora_abstract=org.texttechnologylab.annotation.type.concept.Plant_Flora

Q6498684_abstract=org.texttechnologylab.annotation.type.concept.Possession_Property
Q829909_abstract=org.texttechnologylab.annotation.type.concept.Possession_Property
Possession_Property_abstract=org.texttechnologylab.annotation.type.concept.Possession_Property

Q309314_abstract=org.texttechnologylab.annotation.type.concept.Quantity_Amount
Quantity_Amount_abstract=org.texttechnologylab.annotation.type.concept.Quantity_Amount

Q930933_abstract=org.texttechnologylab.annotation.type.concept.Relation
Relation_abstract=org.texttechnologylab.annotation.type.concept.Relation

Q207961_abstract=org.texttechnologylab.annotation.type.concept.Shape
Shape_abstract=org.texttechnologylab.annotation.type.concept.Shape

Q8425_abstract=org.texttechnologylab.annotation.type.concept.Society
Q170161_abstract=org.texttechnologylab.annotation.type.concept.Society
Q17148672_abstract=org.texttechnologylab.annotation.type.concept.Society
Q1639378_abstract=org.texttechnologylab.annotation.type.concept.Society
Society_abstract=org.texttechnologylab.annotation.type.concept.Society

Q813912_abstract=org.texttechnologylab.annotation.type.concept.State_Condition
State_Condition_abstract=org.texttechnologylab.annotation.type.concept.State_Condition

Q223557_abstract=org.texttechnologylab.annotation.type.concept.Substance
Q214609_abstract=org.texttechnologylab.annotation.type.concept.Substance
Q27166344_abstract=org.texttechnologylab.annotation.type.concept.Substance
Q3366856_abstract=org.texttechnologylab.annotation.type.concept.Substance
Q43460564_abstract=org.texttechnologylab.annotation.type.concept.Substance
Q1621273_abstract=org.texttechnologylab.annotation.type.concept.Substance
#fictional
Q15053464_abstract=org.texttechnologylab.annotation.type.concept.Substance
Substance_abstract=org.texttechnologylab.annotation.type.concept.Substance

Q11471_abstract=org.texttechnologylab.annotation.type.concept.Time
Q186081_abstract=org.texttechnologylab.annotation.type.concept.Time
Q26907166_abstract=org.texttechnologylab.annotation.type.concept.Time
Q14795564_abstract=org.texttechnologylab.annotation.type.concept.Time
Time_abstract=org.texttechnologylab.annotation.type.concept.Time


Q15621286_abstract=org.texttechnologylab.annotation.type.concept.Artifact
Q8205328_abstract=org.texttechnologylab.annotation.type.concept.Artifact
Q16686448_abstract=org.texttechnologylab.annotation.type.concept.Artifact
Q386724_abstract=org.texttechnologylab.annotation.type.concept.Artifact
Q17537576_abstract=org.texttechnologylab.annotation.type.concept.Artifact
Q11019_abstract=org.texttechnologylab.annotation.type.concept.Artifact
Q39546_abstract=org.texttechnologylab.annotation.type.concept.Artifact
Artifact_abstract=org.texttechnologylab.annotation.type.concept.Artifact

Q42889_abstract=org.texttechnologylab.annotation.type.concept.Vehicle
Vehicle_abstract=org.texttechnologylab.annotation.type.concept.Vehicle

Q7239_abstract=org.texttechnologylab.annotation.type.concept.Taxon
#fictional
Q21192438_abstract=org.texttechnologylab.annotation.type.concept.Taxon
Taxon_abstract=org.texttechnologylab.annotation.type.concept.Taxon

Q1368_abstract=org.texttechnologylab.annotation.type.concept.Quantity_Amount
Q8142_abstract=org.texttechnologylab.annotation.type.concept.Quantity_Amount
Quantity_Amount_abstract=org.texttechnologylab.annotation.type.concept.Quantity_Amount

#organization
Q43229_abstract=org.texttechnologylab.annotation.type.concept.Group_Collection
Group_Collection_abstract=org.texttechnologylab.annotation.type.concept.Group_Collection

*_abstract=org.texttechnologylab.annotation.type.concept.Other


#Q11460	garment
#Q11402	force
#Q4406616	concrete
#Q7184903	abstract
#Q11461	abstract
#import org.texttechnologylab.annotation.type.Act_Action_Activity;
#import org.texttechnologylab.annotation.type.Archaea;
#import org.texttechnologylab.annotation.type.Bacteria;
#import org.texttechnologylab.annotation.type.BioContext;
#import org.texttechnologylab.annotation.type.Chromista;
#import org.texttechnologylab.annotation.type.Habitat;
#import org.texttechnologylab.annotation.type.Lichen;
#import org.texttechnologylab.annotation.type.Morph;
#import org.texttechnologylab.annotation.type.Process;
#import org.texttechnologylab.annotation.type.Protozoa;
#import org.texttechnologylab.annotation.type.Quantity_Amount;
#import org.texttechnologylab.annotation.type.Reproduction;
