Act_Action_Activity=org.texttechnologylab.annotation.type.Act_Action_Activity
Artifact=org.texttechnologylab.annotation.type.Artifact
Attribute_Property=org.texttechnologylab.annotation.type.Attribute_Property
Body_Corpus=org.texttechnologylab.annotation.type.Body_Corpus
Cognition_Ideation=org.texttechnologylab.annotation.type.Cognition_Ideation
Communication=org.texttechnologylab.annotation.type.Communication
Event_Happening=org.texttechnologylab.annotation.type.Event_Happening
Food=org.texttechnologylab.annotation.type.Food
Group_Collection=org.texttechnologylab.annotation.type.Group_Collection
Location_Place=org.texttechnologylab.annotation.type.Location_Place
NaturalObject=org.texttechnologylab.annotation.type.NaturalObject
NaturalPhenomenon=org.texttechnologylab.annotation.type.NaturalPhenomenon
Person_HumanBeing=org.texttechnologylab.annotation.type.Person_HumanBeing
Possession_Property=org.texttechnologylab.annotation.type.Possession_Property
Process=org.texttechnologylab.annotation.type.Process
Quantity_Amount=org.texttechnologylab.annotation.type.Quantity_Amount
Relation=org.texttechnologylab.annotation.type.Relation
Reproduction=org.texttechnologylab.annotation.type.Reproduction
Shape-best=org.texttechnologylab.annotation.type.Shape-best
Society=org.texttechnologylab.annotation.type.Society
State_Condition=org.texttechnologylab.annotation.type.State_Condition
Substance=org.texttechnologylab.annotation.type.Substance
Time=org.texttechnologylab.annotation.type.Time
*=org.texttechnologylab.annotation.NamedEntity