ADJ=de.tudarmstadt.ukp.dkpro.core.api.lexmorph.type.pos.POS_ADJ
ADP=de.tudarmstadt.ukp.dkpro.core.api.lexmorph.type.pos.POS_ADP
ADV=de.tudarmstadt.ukp.dkpro.core.api.lexmorph.type.pos.POS_ADV
AUX=de.tudarmstadt.ukp.dkpro.core.api.lexmorph.type.pos.POS_AUX
CONJ=de.tudarmstadt.ukp.dkpro.core.api.lexmorph.type.pos.POS_CONJ
CCONJ=de.tudarmstadt.ukp.dkpro.core.api.lexmorph.type.pos.POS_CONJ
DET=de.tudarmstadt.ukp.dkpro.core.api.lexmorph.type.pos.POS_DET
INTJ=de.tudarmstadt.ukp.dkpro.core.api.lexmorph.type.pos.POS_INTJ
NOUN=de.tudarmstadt.ukp.dkpro.core.api.lexmorph.type.pos.POS_NOUN
NUM=de.tudarmstadt.ukp.dkpro.core.api.lexmorph.type.pos.POS_NUM
PART=de.tudarmstadt.ukp.dkpro.core.api.lexmorph.type.pos.POS_PART
PRON=de.tudarmstadt.ukp.dkpro.core.api.lexmorph.type.pos.POS_PRON
PROPN=de.tudarmstadt.ukp.dkpro.core.api.lexmorph.type.pos.POS_PROPN
PUNCT=de.tudarmstadt.ukp.dkpro.core.api.lexmorph.type.pos.POS_PUNCT
SCONJ=de.tudarmstadt.ukp.dkpro.core.api.lexmorph.type.pos.POS_SCONJ
SYM=de.tudarmstadt.ukp.dkpro.core.api.lexmorph.type.pos.POS_SYM
VERB=de.tudarmstadt.ukp.dkpro.core.api.lexmorph.type.pos.POS_VERB
X=de.tudarmstadt.ukp.dkpro.core.api.lexmorph.type.pos.POS_X
*=de.tudarmstadt.ukp.dkpro.core.api.lexmorph.type.pos.POS