ACT=org.texttechnologylab.annotation.type.Act_Action_Activity
ANML=org.texttechnologylab.annotation.type.Animal_Fauna
ARC=org.texttechnologylab.annotation.type.Archaea
ARTF=org.texttechnologylab.annotation.type.Artifact
ATTR=org.texttechnologylab.annotation.type.Attribute_Property
BAC=org.texttechnologylab.annotation.type.Bacteria
BDY=org.texttechnologylab.annotation.type.Body_Corpus
CHR=org.texttechnologylab.annotation.type.Chromista
COG=org.texttechnologylab.annotation.type.Cognition_Ideation
COM=org.texttechnologylab.annotation.type.Communication
EVT=org.texttechnologylab.annotation.type.Event_Happening
EMO=org.texttechnologylab.annotation.type.Feeling_Emotion
FOOD=org.texttechnologylab.annotation.type.Food
FNG=org.texttechnologylab.annotation.type.Fungi
GRP=org.texttechnologylab.annotation.type.Group_Collection
HAB=org.texttechnologylab.annotation.type.Habitat
LIC=org.texttechnologylab.annotation.type.Lichens
LOC=org.texttechnologylab.annotation.type.Location_Place
MRP=org.texttechnologylab.annotation.type.Morphology
MOT=org.texttechnologylab.annotation.type.Motive
NOBJ=org.texttechnologylab.annotation.type.NaturalObject
NPHN=org.texttechnologylab.annotation.type.NaturalPhenomenon
PER=org.texttechnologylab.annotation.type.Person_HumanBeing
PLT=org.texttechnologylab.annotation.type.Plant_Flora
PSS=org.texttechnologylab.annotation.type.Possession_Property
PRC=org.texttechnologylab.annotation.type.Process
PROT=org.texttechnologylab.annotation.type.Protozoa
QTY=org.texttechnologylab.annotation.type.Quantity_Amounts
REL=org.texttechnologylab.annotation.type.Relation
REP=org.texttechnologylab.annotation.type.Reproduction
SHP=org.texttechnologylab.annotation.type.Shape
SOC=org.texttechnologylab.annotation.type.Society
COND=org.texttechnologylab.annotation.type.State_Condition
SUB=org.texttechnologylab.annotation.type.Substance
TAX=org.texttechnologylab.annotation.type.Taxon
TME=org.texttechnologylab.annotation.type.Time
VIR=org.texttechnologylab.annotation.type.Viruses
*=de.tudarmstadt.ukp.dkpro.core.api.ner.type.NamedEntity